*****************************************************************
      SolidWorks Corporation - IGES Processor Status Report
*****************************************************************
=================================================================
Общая информация
=================================================================
Отправка кода продукта системы: nextion 3.2 v3
Получение кода продукта системы: 
Имя файла                 : nextion 3.2 v3
Отправка системы               : unknown
Версия препроцессора       : unknown
Дата создания файла           : 20180326.124437
Дата создания модели          : 20180326.104419
Единицы                        : MM
Масштаб пространства модели            : 1
Автор                       : raffosan
Организация                 : unknown


=================================================================
Сведения по обработке объекта
=================================================================


=================================================================
Точный анализ файла IGES:
=================================================================
  Преобладающее число значимых знаков:              14
  Наибольшее число значимых знаков:                     14
  Среднее число значимых знаков:                8.87081
  Максимальное расстояние до исходной точки:                          219.359
  Минимальное расстояние до исходной точки:                          206.832
  Эффективное число значимых знаков:              12.4683


=================================================================
Сводка по объектам
=================================================================
-----------------------------------------------------------------
Тип Имя                                         Количество Преобразован
---- ----                                         ----- ---------
126  Rational B-spline curve                        102       102
128  Rational B-spline surface                       45        45
186  Manifold Solid B-rep Object                      5         5
314  Color definition                                 5         5
406  Property                                         5         5
502  Vertex list                                      5         5
504  Edge entity                                      5         5
508  Loop entity                                     54        54
510  Face entity                                     45        45
514  Shell entity                                     5         5
_________________________________________________________________


=================================================================
Сводка результатов
=================================================================
Тип элемента SolidWorks                Количество
-----------------------                -----
Твердотельные элементы                       5
Элементы поверхности                     0
Элементы кривой/эскиза                0
--------------------------------------------
Время начала: воскресенье, Январь 26, 2020 22:57:40
Время окончания: воскресенье, Январь 26, 2020 22:57:44
Время обработки: 0 days, 00 hours, 00 mins, 04 secs
